3 -- 2
13 -- 0
1 -- 15
4 -- 5
6 -- 7
12 -- 10
9 -- 14
8 -- 11
