3 -- 2
5 -- 6
13 -- 9
16 -- 17
12 -- 11
14 -- 15
10 -- 7
8 -- 4
0 -- 1
